// Jest Snapshot v1, https://goo.gl/fbAQLP

exports[`CallBackForm Snapshots should render correct 1`] = `
<form
  action="#"
  autoComplete="on"
  className="header_callback-form"
  encType="multipart/form-data"
  id="callback-Form"
  method="POST"
  name="callback"
>
  <p
    className="header__excerpt"
  >
    Узнайте стоимость вашего бетонного бассейна
  </p>
  <div
    className="callback__text-wrap"
  >
    <input
      className="header__number-phone"
      id="number-phone"
      name="number-phone"
      onChange={[Function]}
      placeholder="+38 (093) 333 33 33"
      type="text"
      value="2"
    />
    <button
      className="header__button"
      disabled={true}
      onClick={[Function]}
      type="submit"
    >
      Узнать стоимость
    </button>
  </div>
</form>
`;
